// Jest Snapshot v1, https://goo.gl/fbAQLP

exports[`<Form /> renders the <Form /> with populated data 1`] = `
<div
  class="form__Container-sc-1gkudw1-0 cGfOGK"
>
  <h1
    class="form__Title-sc-1gkudw1-3 cYJqjk"
  >
    Sign In Now
  </h1>
  <form
    class="form__Base-sc-1gkudw1-1 blcOFQ"
  >
    <input
      class="form__Input-sc-1gkudw1-7 dChWbe"
      placeholder="Email address"
    />
    <input
      class="form__Input-sc-1gkudw1-7 dChWbe"
      placeholder="Password"
      type="password"
    />
    <button
      class="form__Submit-sc-1gkudw1-8 hDfNkC"
      disabled=""
      type="submit"
    >
      Sign In
    </button>
  </form>
  <p
    class="form__Text-sc-1gkudw1-4 gAbsDR"
  >
    New to Netflix? 
    <link
      class="form__Link-sc-1gkudw1-6 gLjvGn"
      to="/signup"
    >
      Sign up now.
    </link>
  </p>
  <p
    class="form__TextSmall-sc-1gkudw1-5 iiFVRZ"
  >
    This page is protected by Google reCAPTCHA to ensure you're not a bot. Learn more.
  </p>
</div>
`;

exports[`<Form /> renders the <Form/> with an error 1`] = `
<div
  class="form__Container-sc-1gkudw1-0 cGfOGK"
>
  <div
    class="form__Error-sc-1gkudw1-2 CnAHo"
  >
    Your email address is wrong.
  </div>
  <button
    class="form__Submit-sc-1gkudw1-8 hDfNkC"
    type="submit"
  >
    Sign In
  </button>
</div>
`;
