// Jest Snapshot v1, https://goo.gl/fbAQLP

exports[`<Loading/> <Loading/> renders the <Loading.ReleaseBody/> 1`] = `null`;

exports[`<Loading/> renders the <Loading/> component 1`] = `
<div
  class="loading__Spinner-sc-1qbyrzb-0 eyNPqo"
  data-testid="loading"
>
  <img
    class="loading__Picture-sc-1qbyrzb-1 ivSMRx"
    data-testid="loading-picture"
    src="/images/users//images/test.png.png"
  />
</div>
`;
